// Jest Snapshot v1, https://goo.gl/fbAQLP

exports[`<RegisterGameForm/> should render with game modes provided 1`] = `
<form>
  <div
    class="gamemodeselect"
  >
    <button
      class="gamemodepreview"
    >
      <h3
        class="subtitle is-4"
      >
        Mode 1
      </h3>
      <p />
    </button>
    <button
      class="gamemodepreview"
    >
      <h3
        class="subtitle is-4"
      >
        Mode 2
      </h3>
      <p />
    </button>
  </div>
  <div
    class="field is-grouped"
  >
    <button
      class="button is-link is-fullwidth"
      disabled=""
      type="submit"
    >
      Create game
    </button>
  </div>
</form>
`;
