// Jest Snapshot v1, https://goo.gl/fbAQLP

exports[`<Layout/> renders with children wrapped inside 1`] = `
<div
  class="genericlayout"
>
  <header
    class="navbar"
  >
    <span
      class="title is-3 has-text-light"
    >
      Strooped
    </span>
  </header>
  <main
    class="pagecontent"
  >
    <h1>
      Hello world
    </h1>
  </main>
</div>
`;
